loadcore_IMPORTS_start
I_FlushIcache
I_RegisterLibraryEntries
loadcore_IMPORTS_end

intrman_IMPORTS_start
I_CpuSuspendIntr
I_CpuResumeIntr
intrman_IMPORTS_end

/* libsmb2 is ordinary portable C, so it pulls in a good deal more of the string/ctype surface
   than an OPL module normally does. All of it is available from sysclib. */
sysclib_IMPORTS_start
I_strncpy
I_strlen
I_strcat
I_strcpy
I_strcmp
I_strncmp
I_strchr
I_strtol
I_memcpy
I_memset
I_memcmp
I_memmove
I_sprintf
I_vsprintf
I_toupper
I_look_ctype_table
sysclib_IMPORTS_end

stdio_IMPORTS_start
I_printf
I_puts
I_putchar
stdio_IMPORTS_end

sysmem_IMPORTS_start
I_AllocSysMemory
I_FreeSysMemory
sysmem_IMPORTS_end

thbase_IMPORTS_start
I_CreateThread
I_StartThread
I_DelayThread
I_GetSystemTime
I_SysClock2USec
thbase_IMPORTS_end

thsemap_IMPORTS_start
I_CreateSema
I_DeleteSema
I_SignalSema
I_WaitSema
thsemap_IMPORTS_end

iomanX_IMPORTS_start
I_AddDrv
I_DelDrv
iomanX_IMPORTS_end

/* The socket layer libsmb2 calls directly. This is the same ps2ip stack OPL already loads for the
   SMB path, so no second network stack is introduced. */
ps2ip_IMPORTS_start
I_lwip_accept
I_lwip_bind
I_lwip_close
I_lwip_connect
I_lwip_fcntl
I_lwip_freeaddrinfo
I_lwip_getaddrinfo
I_lwip_getsockopt
I_lwip_listen
I_lwip_recv
I_lwip_select
I_lwip_send
I_lwip_setsockopt
I_lwip_socket
ps2ip_IMPORTS_end
